[CLEAN] P12 cogs missing: 1 -> cogs = sum of components = 21.10 (ASSUMPTION A1)
[CLEAN] P13 gift sachet absent from products: 1 -> added row; cogs = 1.0 per unit (ASSUMPTION A2: placeholder, not founder data)
[CLEAN] voided orders: 61 -> excluded (no shipment, no fee, no returns)
[CLEAN] test orders (bogus gateway / TEST100): 6 -> excluded
[CLEAN] valid orders: 5006 -> base for all metrics
[CLEAN] product_id format variants (P-03, p03, p07): 5 -> normalised to upper-case without hyphen
[CLEAN] injected duplicate lines (order_item_id>=600000, same order+product as an existing line): 11 -> removed (order subtotal does not include them)
[CHECK] subtotal vs lines mismatches after cleaning: 0 | discount_total vs lines: 0 | total_paid identity: 0
[CLEAN] discount rows for non-existent orders (8201, 8202): 2 -> removed
[CLEAN] discount code variants ('LOYAL10 ', 'welcome15'): 57 -> trimmed + upper-cased
[CLEAN] exact duplicate shipments (appended at end of file): 4 -> removed
[CLEAN] shipments for non-existent orders (8301-8303): 3 -> removed
[CLEAN] shipments with missing postage_cost: 40 -> imputed (ASSUMPTION A3): weight-linear fit within service x zone; total imputed = 358.75 (group-median alt = 355.84)
[CHECK] orders with 2 shipments after dedupe: 30
[CHECK] valid orders without shipment: 0
[CLEAN] returns for non-existent orders (RET-X0001..4): 4 -> removed
[CLEAN] return reason label variants (Title Case): 38 -> normalised to snake_case
[CLEAN] return date before order date (RET-00183, 00198, 00435): 3 -> kept in economics (amounts valid, order is refunded); EXCLUDED from days-to-return stats (flag date_invalid)
[CHECK] shipped_back return shipping cost by reason (brand pays only where >0):
                     size  n_cost>0     sum
reason_clean                               
changed_mind           43         0    0.00
damaged_leaked         10        10   67.92
irritation_breakout    13         0    0.00
no_visible_results      8         0    0.00
not_as_expected        14         0    0.00
wrong_item             17        17  120.68
[CLEAN] acquisition_source label variants: 504 -> mapped to 8 values; Facebook/facebook_ads/IG->meta_ads, Google->google_ads (ASSUMPTION A4: IG and 'Google' are ambiguous)
[CLEAN] persons with >1 customer_id (guest checkout): 30 -> person_id = email_hash; source = earliest non-blank source among the person's records

[VERIFY] cleaned row counts
  orders (all, flagged)        5073
  orders valid                 5006
  lines (all)                  8824
  lines on valid orders        8712
  returns (all)                469
  returns on valid             469
  shipments (all)              5036
  shipments on valid           5036
  discount rows (all)          2846
  discount rows on valid       2808
  persons                      4034
[VERIFY] shipments on valid = valid orders + replacements: OK

[GIFT SENSITIVITY] P13 gift units on valid orders: 277
   COGS/unit 0: total 0.00
   COGS/unit 1: total 277.00
   COGS/unit 2: total 554.00
   COGS/unit 3: total 831.00
[P12 SENSITIVITY] P12 units on valid orders: 666 | +/- $2 cogs/unit = 1332

NUMBER REGISTER
     id                                                    metric    value                         n/d                                        filter
 DQ-R01                                       raw rows: customers  4068.00                                                                      none
 DQ-R02                                          raw rows: orders  5073.00                                                                      none
 DQ-R03                                     raw rows: order_items  8835.00                                                                      none
 DQ-R04                                        raw rows: products    12.00                                                                      none
 DQ-R05                                         raw rows: returns   473.00                                                                      none
 DQ-R06                                  raw rows: shipping_costs  5043.00                                                                      none
 DQ-R07                                       raw rows: discounts  2848.00                                                                      none
 DQ-R08                                 raw rows: marketing_spend    48.00                                                                      none
 DQ-O01                                              valid orders  5006.00      5006 / 5073 raw orders                          not voided, not test
 DQ-O02                                             voided orders    61.00           / 5073 raw orders                       financial_status=voided
 DQ-O03                                               test orders     6.00           / 5073 raw orders                      bogus gateway or TEST100
 DQ-O04                voided orders total_paid (never collected)  4201.97                                                                    voided
 DQ-I01                                  order lines after dedupe  8824.00    8835 raw - 11 duplicates                                              
 DQ-I02                     free gift lines (P13) on valid orders   277.00                                                unit_price=0, valid orders
 DQ-C01              orders where subtotal != sum(qty*unit_price)     0.00                      / 5073                                after cleaning
 DQ-C02         orders where discount_total != sum(line_discount)     0.00                      / 5073                                after cleaning
 DQ-C03 orders where total_paid != subtotal-discount+shipping+tax     0.00                      / 5073                                after cleaning
 DQ-D01                        discount rows after orphan removal  2846.00                2848 raw - 2                                              
 DQ-S01                                  shipments after cleaning  5036.00 5043 raw - 4 dup - 3 orphan                                              
 DQ-S02                                     imputed postage total   358.75                40 shipments                                              
 DQ-S03          imputed postage total, alt method (group median)   355.84                                                               sensitivity
DQ-RT01                                    returns after cleaning   469.00          473 raw - 4 orphan                                              
DQ-RT02                       returns with date before order date     3.00                       / 469                                              
DQ-RT03                         refund_amount total, valid orders 15154.37             469 return rows                                  valid orders
DQ-RT04                  return_shipping_cost total, valid orders   188.60                                                              valid orders
DQ-CU01 customer records with ambiguous source label (IG, Google)   182.00     / 4068 customer records                                              
DQ-CU02                             distinct persons (email_hash)  4034.00       4068 customer records                                              
DQ-CU03                               persons with >1 customer_id    30.00              / 4034 persons                                              
DQ-CU04            persons with no order at all (newsletter-only)   160.00              / 4034 persons                                              
DQ-CU05                     distinct persons with >=1 valid order  3828.00              / 4034 persons                                  valid orders
DQ-CU06        persons whose record was created before 2025-07-01    10.00                      / 4034 'new vs repeat' cannot see pre-window history
