=== CX3 refined: product x customer type cells (units>=30 on both sides) ===
                   u_disc  u_nodisc  k_disc  k_nodisc    ok     rd     rn
product_id cust                                                          
P01        first      391       249    18.0       3.0  True  0.046  0.012
           repeat      93       161     0.0       1.0  True  0.000  0.006
P02        first      191       152     3.0       4.0  True  0.016  0.026
           repeat      35        99     0.0       0.0  True  0.000  0.000
P03        first      630       434    42.0      23.0  True  0.067  0.053
           repeat     103       230     7.0       9.0  True  0.068  0.039
P04        first      373       265    13.0       4.0  True  0.035  0.015
           repeat     112       162     7.0       3.0  True  0.062  0.019
P05        first      295       213    17.0      11.0  True  0.058  0.052
           repeat      77       128     1.0       2.0  True  0.013  0.016
P06        first      318       200    64.0      17.0  True  0.201  0.085
           repeat      60        95     2.0       6.0  True  0.033  0.063
P07        first      369       245    17.0       7.0  True  0.046  0.029
           repeat      72       136     5.0       9.0  True  0.069  0.066
P08        first      168       138     7.0       5.0  True  0.042  0.036
           repeat      47        76     1.0       2.0  True  0.021  0.026
P09        first      121        80    11.0       7.0  True  0.091  0.088
           repeat      31        37     3.0       0.0  True  0.097  0.000
P10        first      196       143    20.0       7.0  True  0.102  0.049
           repeat      31        44     1.0       2.0  True  0.032  0.045
P11        first      167       108    11.0       6.0  True  0.066  0.056
           repeat      33        60     1.0       1.0  True  0.030  0.017
P12        first      325       147    36.0      10.0  True  0.111  0.068
           repeat      38        76     4.0       3.0  True  0.105  0.039

usable cells 24/24; coverage of discounted units 1.000
STANDARDISED (product x first/repeat): discounted 0.0681 vs non-discounted 0.0422; cells where discounted rate > non-discounted: 17 of 24
standardised difference +0.0259; parametric-bootstrap 95% interval +0.0152..+0.0360

share of units on discounted orders by customer type (mature):
           u      k  disc_share
cust                           
first   5918  363.0       0.601
repeat  2036   70.0       0.361

=== SHIPPING: charged vs original shipment cost (postage+packaging), valid orders; replacement shipments excluded ===
distinct shipping_charged values (count):
shipping_charged
0.00     2407
5.95     2084
12.95     515
-- by zone
             orders  avg_charged  avg_cost  net_per_order  recovery  share_charged_zero
zone                                                                                   
AU            175.0        9.546    24.026        -14.480     0.397               0.263
CA            324.0        9.752    16.421         -6.669     0.594               0.247
GB            207.0        8.884    21.851        -12.968     0.407               0.314
US_domestic  4300.0        2.884     8.730         -5.846     0.330               0.515
-- by gross basket bucket (US domestic only)
        orders  avg_charged  avg_cost  net_per_order  recovery  share_charged_zero
bucket                                                                            
<50     1939.0        5.747     7.054         -1.306     0.815               0.034
50-75    916.0        1.345     8.619         -7.275     0.156               0.774
75-100   605.0        0.039    10.121        -10.081     0.004               0.993
100+     840.0        0.000    11.719        -11.719     0.000               1.000
-- US domestic, orders with shipping_charged == 0 and NO FREESHIP code, by bucket
bucket
50-75     707
75-100    600
100+      840 | total 2147 | min gross 50.0

REGISTER 3b
     id                                                                  metric     value                               numerator_denominator
P3b-001 CX3b product x first/repeat standardised mature return rate, discounted    0.0681 24 usable cells, coverage 1.000 of discounted units
P3b-002                                               CX3b same, non-discounted    0.0422                                        same weights
P3b-003                              CX3b difference 95% bootstrap interval low    0.0152                                                    
P3b-004                             CX3b difference 95% bootstrap interval high     0.036                                                    
P3b-005                CX3b cells where discounted return rate > non-discounted  17 of 24                                                    
P3b-006                   shipping recovery, original shipments: charged / cost    0.3696                                 19069.05 / 51587.91
P3b-007                net shipping result, original shipments (charged - cost) -32518.86                                                    
P3b-008                                               shipping recovery zone AU    0.3973        175 orders; avg charged 9.55, avg cost 24.03
P3b-009                                               shipping recovery zone CA    0.5939        324 orders; avg charged 9.75, avg cost 16.42
P3b-010                                               shipping recovery zone GB    0.4065        207 orders; avg charged 8.88, avg cost 21.85
P3b-011                                      shipping recovery zone US_domestic    0.3303        4300 orders; avg charged 2.88, avg cost 8.73
P3b-012                                        US domestic recovery, basket <50    0.8148                 1939 orders; share charged $0 0.034
P3b-013                                      US domestic recovery, basket 50-75     0.156                  916 orders; share charged $0 0.774
P3b-014                                     US domestic recovery, basket 75-100    0.0039                  605 orders; share charged $0 0.993
P3b-015                                       US domestic recovery, basket 100+       0.0                  840 orders; share charged $0 1.000
P3b-016                         US orders with $0 shipping and no FREESHIP code      2147                                    / 4300 US orders
